// Jest Snapshot v1, https://goo.gl/fbAQLP

exports[`FadeInEntrance component renders as expected 1`] = `
<header>
  <h1>
    Header
  </h1>
</header>
`;
